// Jest Snapshot v1, https://goo.gl/fbAQLP

exports[`htmlUtils should turn SVG nodes into base64 nodes: 0 1`] = `"<div><img style="" src="data:image/svg+xml;base64,PHN2ZyB4bWxucz0iaHR0cDovL3d3dy53My5vcmcvMjAwMC9zdmciIHdpZHRoPSI4MDBweCIgaGVpZ2h0PSI4MDBweCIgdmlld0JveD0iMCAwIDI0IDI0IiBmaWxsPSJub25lIj4KCQkJCTxwYXRoIGQ9Ik03IDEySDE3TTggOC41QzggOC41IDkgOSAxMCA5QzExLjUgOSAxMi41IDggMTQgOEMxNSA4IDE2IDguNSAxNiA4LjVNOCAxNS41QzggMTUuNSA5IDE2IDEwIDE2QzExLjUgMTYgMTIuNSAxNSAxNCAxNUMxNSAxNSAxNiAxNS41IDE2IDE1LjVNMjEgMTJDMjEgMTYuOTcwNiAxNi45NzA2IDIxIDEyIDIxQzcuMDI5NDQgMjEgMyAxNi45NzA2IDMgMTJDMyA3LjAyOTQ0IDcuMDI5NDQgMyAxMiAzQzE2Ljk3MDYgMyAyMSA3LjAyOTQ0IDIxIDEyWiIgc3Ryb2tlPSIjMDAwMDAwIiBzdHJva2Utd2lkdGg9IjIiIHN0cm9rZS1saW5lY2FwPSJyb3VuZCIgc3Ryb2tlLWxpbmVqb2luPSJyb3VuZCI+PC9wYXRoPgoJCQkJPC9zdmc+" /></div>"`;

exports[`htmlUtils should turn SVG nodes into base64 nodes: 1 1`] = `"<img style="" src="data:image/svg+xml;base64,PHN2ZyB4bWxucz0iaHR0cDovL3d3dy53My5vcmcvMjAwMC9zdmciIHhtbG5zOnhsaW5rPSJodHRwOi8vd3d3LnczLm9yZy8xOTk5L3hsaW5rIiB3aWR0aD0iMzkxIiBoZWlnaHQ9IjM5MSIgdmlld0JveD0iLTcwLjUgLTcwLjUgMzkxIDM5MSI+CjxkZWZzPgoJPHBhdHRlcm4gaWQ9ImdyaWQiIHBhdHRlcm5Vbml0cz0idXNlclNwYWNlT25Vc2UiIHdpZHRoPSI1MCIgaGVpZ2h0PSI1MCI+CgkJPHJlY3QgeD0iMCIgeT0iMCIgd2lkdGg9IjUwIiBoZWlnaHQ9IjEiIGZpbGw9IiMwMDAiIG9wYWNpdHk9IjEuMCI+PC9yZWN0PgoJCTxyZWN0IHg9IjAiIHk9IjAiIHdpZHRoPSIxIiBoZWlnaHQ9IjUwIiBmaWxsPSIjMDAwIiBvcGFjaXR5PSIxLjAiPjwvcmVjdD4KCTwvcGF0dGVybj4KPC9kZWZzPgo8cmVjdCBmaWxsPSIjZmZmIiBzdHJva2U9IiMwMDAiIHg9Ii03MCIgeT0iLTcwIiB3aWR0aD0iMzkwIiBoZWlnaHQ9IjM5MCI+PC9yZWN0Pgo8cmVjdCBmaWxsPSJ1cmwoI2dyaWQpIiBzdHJva2Utd2lkdGg9IjIiIHN0cm9rZT0iIzAwMCIgeD0iMCIgeT0iMCIgd2lkdGg9IjI1MCIgaGVpZ2h0PSIyNTAiPjwvcmVjdD4KPHRleHQgeD0iMCIgeT0iMCIgdGV4dC1hbmNob3I9Im1pZGRsZSIgZm9udC1zaXplPSIxNiIgZm9udC1mYW1pbHk9IkdyYW5hZGEsVGltZXMgTmV3IFJvbWFuLHNlcmlmIj4KPHRzcGFuIHg9IjEyNSIgeT0iLTQwIiBmb250LXdlaWdodD0iYm9sZCIgZm9udC1zaXplPSIxLjJlbSI+eDwvdHNwYW4+Cjx0c3BhbiB4PSIwIiB5PSItMTAiPjA8L3RzcGFuPgo8dHNwYW4geD0iNTAiIHk9Ii0xMCI+NTA8L3RzcGFuPgo8dHNwYW4geD0iMTAwIiB5PSItMTAiPjEwMDwvdHNwYW4+Cjx0c3BhbiB4PSIxNTAiIHk9Ii0xMCI+MTUwPC90c3Bhbj4KPHRzcGFuIHg9IjIwMCIgeT0iLTEwIj4yMDA8L3RzcGFuPgo8dHNwYW4geD0iMjUwIiB5PSItMTAiPjI1MDwvdHNwYW4+CjwvdGV4dD4KPHRleHQgeD0iMCIgeT0iMCIgdGV4dC1hbmNob3I9Im1pZGRsZSIgZm9udC1zaXplPSIxNiIgZm9udC1mYW1pbHk9IkdyYW5hZGEsVGltZXMgTmV3IFJvbWFuLHNlcmlmIj4KPHRzcGFuIHg9Ii01MCIgeT0iMTI1IiBmb250LXdlaWdodD0iYm9sZCIgZm9udC1zaXplPSIxLjJlbSI+eTwvdHNwYW4+Cjx0c3BhbiB4PSItMjAiIHk9IjAiIGR5PSI2Ij4wPC90c3Bhbj4KPHRzcGFuIHg9Ii0yMCIgeT0iNTAiIGR5PSI2Ij41MDwvdHNwYW4+Cjx0c3BhbiB4PSItMjAiIHk9IjEwMCIgZHk9IjYiPjEwMDwvdHNwYW4+Cjx0c3BhbiB4PSItMjAiIHk9IjE1MCIgZHk9IjYiPjE1MDwvdHNwYW4+Cjx0c3BhbiB4PSItMjAiIHk9IjIwMCIgZHk9IjYiPjIwMDwvdHNwYW4+Cjx0c3BhbiB4PSItMjAiIHk9IjI1MCIgZHk9IjYiPjI1MDwvdHNwYW4+CjwvdGV4dD4KPGcgb3BhY2l0eT0iMC44Ij4KCTxyZWN0IHg9IjI1IiB5PSIyNSIgd2lkdGg9IjIwMCIgaGVpZ2h0PSIyMDAiIGZpbGw9ImxpbWUiIHN0cm9rZS13aWR0aD0iNCIgc3Ryb2tlPSJwaW5rIj48L3JlY3Q+Cgk8Y2lyY2xlIGN4PSIxMjUiIGN5PSIxMjUiIHI9Ijc1IiBmaWxsPSJvcmFuZ2UiPjwvY2lyY2xlPgoJPHBvbHlsaW5lIHBvaW50cz0iNTAsMTUwIDUwLDIwMCAyMDAsMjAwIDIwMCwxMDAiIHN0cm9rZT0icmVkIiBzdHJva2Utd2lkdGg9IjQiIGZpbGw9Im5vbmUiPjwvcG9seWxpbmU+Cgk8bGluZSB4MT0iNTAiIHkxPSI1MCIgeDI9IjIwMCIgeTI9IjIwMCIgc3Ryb2tlPSJibHVlIiBzdHJva2Utd2lkdGg9IjQiPjwvbGluZT4KPC9nPjwvc3ZnPg==" />"`;

exports[`htmlUtils should turn SVG nodes into base64 nodes: 2 1`] = `"<img style="" src="data:image/svg+xml;base64,PHN2ZyB2aWV3Qm94PSIwIDAgMzA3IDE4NCIgeG1sbnM9Imh0dHA6Ly93d3cudzMub3JnLzIwMDAvc3ZnIj4KICAgICAgICA8ZyBpZD0idHJhY2siPgogICAgICAgICAgPGcgaWQ9InRyYWNrLWxpbmVzIj4KICAgICAgICAgICAgPHBhdGggZmlsbD0ibm9uZSIgc3Ryb2tlPSIjZmFjYzE1IiBkPSJNMTY3Ljg4LDExMS4zCiAgICAgICAgICAgICAgICAgIGMzLjExLDAsNi4xMiwxLjQ0LDguMDYsMy45NmwzMC41OCwzOS44MmMxLjc1LDIuMjgsNC45NSwyLjkxLDcuNDMsMS40Nmw2NC4wNy0zNy4zN2MxLjc1LTEuMDIsMi44NC0yLjkyLDIuODQtNC45NVY5Ni4wNAogICAgICAgICAgICAgICAgICBjMC0xLjY0LTAuNzEtMy4yMS0xLjk0LTQuMjljLTEuMjMtMS4wOS0yLjg3LTEuNTktNC41LTEuMzlsLTkuODMsMS4yM2MtNC42NiwwLjU4LTguOTYtMS45Ni0xMC42OC02LjM0CiAgICAgICAgICAgICAgICAgIGMtMS43My00LjM3LTAuMzMtOS4xNiwzLjQ4LTExLjkzbDAuMTktMC4xNGMyLjQ4LTEuOCwyLjcxLTQuNDksMi4wOS02LjQxYy0wLjYyLTEuOTEtMi4zOC0zLjk2LTUuNDUtMy45NgogICAgICAgICAgICAgICAgICBjLTMuNjYsMC03LjA1LTEuOTgtOC44NC01LjE4TDIyOS42NSwyOS42Yy0xLjAxLTEuOC0yLjkzLTIuOTMtNS0yLjkzSDE1NS4yYy0xLjU5LDAtMy4xMiwwLjY3LTQuMiwxLjgzbC0yOC43OCwzMS4wNgogICAgICAgICAgICAgICAgICBjLTEuOTEsMi4wNi00LjYyLDMuMjUtNy40MywzLjI1SDMxLjg3Yy0zLjE2LDAtNS43MywyLjU3LTUuNzMsNS43M3YzMi41YzAsMi42OCwxLjgzLDQuOTgsNC40NCw1LjU4bDM1LjU5LTEuNzkKICAgICAgICAgICAgICAgICAgYzMuMjcsMC43NiwyMy43MywyMy4yOCwyNi41MSwyMi42N2w3My4wNi0xNS45OEMxNjYuNDUsMTExLjM4LDE2Ny4xNywxMTEuMywxNjcuODgsMTExLjN6Ij48L3BhdGg+CiAgICAgICAgICA8L2c+CgogICAgICAgICAgPGcgaWQ9InBpbmstY2FyIj4KICAgICAgICAgICAgPGFuaW1hdGVtb3Rpb24gZHVyPSI0cyIgcmVwZWF0Q291bnQ9ImluZGVmaW5pdGUiIHJvdGF0ZT0iYXV0byIgcGF0aD0iTTE2Ny44OCwxMTEuMwogICAgICAgICAgICAgICAgICAgICAgYzMuMTEsMCw2LjEyLDEuNDQsOC4wNiwzLjk2bDMwLjU4LDM5LjgyYzEuNzUsMi4yOCw0Ljk1LDIuOTEsNy40MywxLjQ2bDY0LjA3LTM3LjM3YzEuNzUtMS4wMiwyLjg0LTIuOTIsMi44NC00Ljk1Vjk2LjA0CiAgICAgICAgICAgICAgICAgICAgICBjMC0xLjY0LTAuNzEtMy4yMS0xLjk0LTQuMjljLTEuMjMtMS4wOS0yLjg3LTEuNTktNC41LTEuMzlsLTkuODMsMS4yM2MtNC42NiwwLjU4LTguOTYtMS45Ni0xMC42OC02LjM0CiAgICAgICAgICAgICAgICAgICAgICBjLTEuNzMtNC4zNy0wLjMzLTkuMTYsMy40OC0xMS45M2wwLjE5LTAuMTRjMi40OC0xLjgsMi43MS00LjQ5LDIuMDktNi40MWMtMC42Mi0xLjkxLTIuMzgtMy45Ni01LjQ1LTMuOTYKICAgICAgICAgICAgICAgICAgICAgIGMtMy42NiwwLTcuMDUtMS45OC04Ljg0LTUuMThMMjI5LjY1LDI5LjZjLTEuMDEtMS44LTIuOTMtMi45My01LTIuOTNIMTU1LjJjLTEuNTksMC0zLjEyLDAuNjctNC4yLDEuODNsLTI4Ljc4LDMxLjA2CiAgICAgICAgICAgICAgICAgICAgICBjLTEuOTEsMi4wNi00LjYyLDMuMjUtNy40MywzLjI1SDMxLjg3Yy0zLjE2LDAtNS43MywyLjU3LTUuNzMsNS43M3YzMi41YzAsMi42OCwxLjgzLDQuOTgsNC40NCw1LjU4bDM1LjU5LTEuNzkKICAgICAgICAgICAgICAgICAgICAgIGMzLjI3LDAuNzYsMjMuNzMsMjMuMjgsMjYuNTEsMjIuNjdsNzMuMDYtMTUuOThDMTY2LjQ1LDExMS4zOCwxNjcuMTcsMTExLjMsMTY3Ljg4LDExMS4zeiI+PC9hbmltYXRlbW90aW9uPgogICAgICAgICAgICA8cGF0aCBjbGFzcz0iY2FyIiBmaWxsPSIjRUM0ODk5IiBzdHlsZT0idHJhbnNmb3JtOiB0cmFuc2xhdGUoLTEycHgsIC0xMnB4KSIgZD0iTTEzLjcxLDE4LjY1YzAuMjUtMC41LDAuMjUtMC45MiwwLjItMS4yaDIuNTljMC4wOCwwLjIyLDAuMjgsMC4zOSwwLjUzLDAuMzloMi4zMWMwLjI1LDAsMC40Ni0wLjE2LDAuNTMtMC4zOQogICAgICAgICAgICAgICAgICBoMi4zMmMwLDAsMC4wNy0wLjExLDAuMTctMC4zMWgwLjI4YzAsMCwxLjAzLTEuNDEsMS4wMy01LjE0YzAtMy43NC0xLjAzLTUuMTQtMS4wMy01LjE0aC0wLjI4Yy0wLjEtMC4yLTAuMTctMC4zMS0wLjE3LTAuMzFoLTIuMzIKICAgICAgICAgICAgICAgICAgYy0wLjA4LTAuMjItMC4yOC0wLjM5LTAuNTMtMC4zOWgtMi4zMWMtMC4yNSwwLTAuNDYsMC4xNi0wLjUzLDAuMzloLTIuNTljMC4wNS0wLjI5LDAuMDUtMC43LTAuMi0xLjIKICAgICAgICAgICAgICAgICAgYy0wLjE2LTAuMzItMC4yOC0wLjMzLTAuMzctMC4xOWMtMC4xNywwLjI4LTAuMTcsMS4xNiwwLjA1LDEuMzhjMCwwLDAuMDEsMC4wMSwwLjAxLDAuMDFINi4zNUM2LjI3LDYuMzMsNi4wNiw2LjE2LDUuODEsNi4xNkgzLjUKICAgICAgICAgICAgICAgICAgYy0wLjI1LDAtMC40NiwwLjE2LTAuNTMsMC4zOUgyLjYyYy0wLjE4LDAtMC4zNiwwLjAzLTAuNTIsMC4wOEMxLjU5LDYuNzksMS4xNiw3LjE3LDAuOTcsNy42OUMwLjg1LDgsMC43NCw4LjM3LDAuNjMsOC44MgogICAgICAgICAgICAgICAgICBDMC40NSw5LjYzLDAuMzEsMTAuNjgsMC4zMSwxMnMwLjE0LDIuMzcsMC4zMywzLjE4YzAuMSwwLjQ1LDAuMjIsMC44MiwwLjM0LDEuMTNjMC4yLDAuNTIsMC42MiwwLjkxLDEuMTMsMS4wNgogICAgICAgICAgICAgICAgICBjMC4xNywwLjA1LDAuMzQsMC4wOCwwLjUyLDAuMDhoMC4zNGMwLjA4LDAuMjIsMC4yOCwwLjM5LDAuNTMsMC4zOWgyLjMxYzAuMjUsMCwwLjQ2LTAuMTYsMC41My0wLjM5aDcuMDZjMCwwLTAuMDEsMC4wMS0wLjAxLDAuMDEKICAgICAgICAgICAgICAgICAgYy0wLjIyLDAuMjEtMC4yMiwxLjEtMC4wNSwxLjM4QzEzLjQzLDE4Ljk4LDEzLjU1LDE4Ljk3LDEzLjcxLDE4LjY1eiBNMTMuMDYsMTYuMTVjMCwwLTAuOTgtMC4yNS0xLjg1LTEuMzYKICAgICAgICAgICAgICAgICAgYy0wLjEtMC4xMy0wLjE2LTAuMjktMC4xNi0wLjQ1di0yLjM5VjkuNTVjMC0wLjE2LDAuMDYtMC4zMiwwLjE2LTAuNDVjMC44Ny0xLjExLDEuODUtMS4zNiwxLjg1LTEuMzYKICAgICAgICAgICAgICAgICAgYzAuNTEsMS40LDAuNTIsNC4yMSwwLjUyLDQuMjFTMTMuNTcsMTQuNzUsMTMuMDYsMTYuMTV6IE0yMy4yMSwxMC4xNWMtMS4yMS0xLTAuODktMi4xMS0wLjU3LTIuNwogICAgICAgICAgICAgICAgICBDMjIuODUsOC4wMywyMy4wOSw4LjkxLDIzLjIxLDEwLjE1eiBNNy41Niw3LjUzaDQuNTZjMCwwLTAuNDYsMS4wOS0xLjY4LDEuMDlzLTAuNzMsMC0xLjY5LDBTNy41Niw3LjUzLDcuNTYsNy41M3ogTTYuNTksMTUuNDEKICAgICAgICAgICAgICAgICAgYy0xLjI3LDAtMi4zLTEuMDMtMi4zLTIuM3YtMS4xN3YtMS4xNmMwLTEuMjcsMS4wMy0yLjMsMi4zLTIuM2gwLjE4djYuOTNINi41OXogTTguNzUsMTUuMjZjMC45NiwwLDAuNDgsMCwxLjY5LDAKICAgICAgICAgICAgICAgICAgczEuNjgsMS4wOSwxLjY4LDEuMDlsLTQuNTYsMC4xMUM3LjU2LDE2LjQ3LDcuNzgsMTUuMjYsOC43NSwxNS4yNnogTTIzLjIxLDEzLjg1Yy0wLjEyLDEuMjQtMC4zNiwyLjEyLTAuNTcsMi43CiAgICAgICAgICAgICAgICAgIEMyMi4zMiwxNS45NSwyMiwxNC44NSwyMy4yMSwxMy44NXoiPjwvcGF0aD4KICAgICAgICAgIDwvZz4KICAgICAgICA8L2c+CiAgICAgIDwvc3ZnPg==" />"`;

exports[`htmlUtils should turn SVG nodes into base64 nodes: 3 1`] = `"<img style="" src="data:image/svg+xml;base64,PHN2ZyB3aWR0aD0iMTAwJSIgaGVpZ2h0PSIxMDAlIiB2aWV3Qm94PSIwIDAgMTAwIDEwMCIgeG1sbnM9Imh0dHA6Ly93d3cudzMub3JnLzIwMDAvc3ZnIj4KCQkJCTxjaXJjbGUgY3g9IjUwIiBjeT0iNTAiIHI9IjQ1IiBmaWxsPSJncmVlbiIgaWQ9ImZvbyI+PC9jaXJjbGU+CgkJCQkKCQkJPC9zdmc+" />"`;

exports[`htmlUtils should turn SVG nodes into base64 nodes: 4 1`] = `
"<div>
&Tab;&Tab;&Tab;<img style="" src="data:image/svg+xml;base64,PHN2ZyB4bWxucz0iaHR0cDovL3d3dy53My5vcmcvMjAwMC9zdmciIHZpZXdCb3g9IjAgMCA1MTIgNTEyIj48cGF0aCBkPSJNMjIwLjYgMTIxLjJMMjcxLjEgOTYgNDQ4IDk2djk2SDMzMy4yYy0yMS45LTE1LjEtNDguNS0yNC03Ny4yLTI0cy01NS4yIDguOS03Ny4yIDI0SDY0VjEyOEgxOTJjOS45IDAgMTkuNy0yLjMgMjguNi02Ljh6TTAgMTI4VjQxNmMwIDM1LjMgMjguNyA2NCA2NCA2NEg0NDhjMzUuMyAwIDY0LTI4LjcgNjQtNjRWOTZjMC0zNS4zLTI4LjctNjQtNjQtNjRIMjcxLjFjLTkuOSAwLTE5LjcgMi4zLTI4LjYgNi44TDE5MiA2NEgxNjBWNDhjMC04LjgtNy4yLTE2LTE2LTE2SDgwYy04LjggMC0xNiA3LjItMTYgMTZsMCAxNkMyOC43IDY0IDAgOTIuNyAwIDEyOHpNMTY4IDMwNGE4OCA4OCAwIDEgMSAxNzYgMCA4OCA4OCAwIDEgMSAtMTc2IDB6Ij48L3BhdGg+PC9zdmc+" />
&Tab;&Tab;&Tab;<img style="" src="data:image/svg+xml;base64,PHN2ZyB4bWxucz0iaHR0cDovL3d3dy53My5vcmcvMjAwMC9zdmciIHZpZXdCb3g9IjAgMCA1MTIgNTEyIj48cGF0aCBkPSJNMCA5NkMwIDYwLjcgMjguNyAzMiA2NCAzMkg0NDhjMzUuMyAwIDY0IDI4LjcgNjQgNjRWNDE2YzAgMzUuMy0yOC43IDY0LTY0IDY0SDY0Yy0zNS4zIDAtNjQtMjguNy02NC02NFY5NnpNMzIzLjggMjAyLjVjLTQuNS02LjYtMTEuOS0xMC41LTE5LjgtMTAuNXMtMTUuNCAzLjktMTkuOCAxMC41bC04NyAxMjcuNkwxNzAuNyAyOTdjLTQuNi01LjctMTEuNS05LTE4LjctOXMtMTQuMiAzLjMtMTguNyA5bC02NCA4MGMtNS44IDcuMi02LjkgMTcuMS0yLjkgMjUuNHMxMi40IDEzLjYgMjEuNiAxMy42aDk2IDMySDQyNGM4LjkgMCAxNy4xLTQuOSAyMS4yLTEyLjhzMy42LTE3LjQtMS40LTI0LjdsLTEyMC0xNzZ6TTExMiAxOTJhNDggNDggMCAxIDAgMC05NiA0OCA0OCAwIDEgMCAwIDk2eiI+PC9wYXRoPjwvc3ZnPg==" />
&Tab;&Tab;&Tab;<div>
&Tab;&Tab;&Tab;&Tab;<img style="" src="data:image/svg+xml;base64,PHN2ZyB4bWxucz0iaHR0cDovL3d3dy53My5vcmcvMjAwMC9zdmciIHZpZXdCb3g9IjAgMCA1MTIgNTEyIj48cGF0aCBkPSJNNDggNjRDMjEuNSA2NCAwIDg1LjUgMCAxMTJjMCAxNS4xIDcuMSAyOS4zIDE5LjIgMzguNEwyMzYuOCAzMTMuNmMxMS40IDguNSAyNyA4LjUgMzguNCAwTDQ5Mi44IDE1MC40YzEyLjEtOS4xIDE5LjItMjMuMyAxOS4yLTM4LjRjMC0yNi41LTIxLjUtNDgtNDgtNDhINDh6TTAgMTc2VjM4NGMwIDM1LjMgMjguNyA2NCA2NCA2NEg0NDhjMzUuMyAwIDY0LTI4LjcgNjQtNjRWMTc2TDI5NC40IDMzOS4yYy0yMi44IDE3LjEtNTQgMTcuMS03Ni44IDBMMCAxNzZ6Ij48L3BhdGg+PC9zdmc+" />
&Tab;&Tab;&Tab;&Tab;<div>
&Tab;&Tab;&Tab;&Tab;&Tab;<img style="" src="data:image/svg+xml;base64,PHN2ZyB4bWxucz0iaHR0cDovL3d3dy53My5vcmcvMjAwMC9zdmciIHZpZXdCb3g9IjAgMCA1NzYgNTEyIj48cGF0aCBkPSJNMjM0LjcgNDIuN0wxOTcgNTYuOGMtMyAxLjEtNSA0LTUgNy4yczIgNi4xIDUgNy4ybDM3LjcgMTQuMUwyNDguOCAxMjNjMS4xIDMgNCA1IDcuMiA1czYuMS0yIDcuMi01bDE0LjEtMzcuN0wzMTUgNzEuMmMzLTEuMSA1LTQgNS03LjJzLTItNi4xLTUtNy4yTDI3Ny4zIDQyLjcgMjYzLjIgNWMtMS4xLTMtNC01LTcuMi01cy02LjEgMi03LjIgNUwyMzQuNyA0Mi43ek00Ni4xIDM5NS40Yy0xOC43IDE4LjctMTguNyA0OS4xIDAgNjcuOWwzNC42IDM0LjZjMTguNyAxOC43IDQ5LjEgMTguNyA2Ny45IDBMNTI5LjkgMTE2LjVjMTguNy0xOC43IDE4LjctNDkuMSAwLTY3LjlMNDk1LjMgMTQuMWMtMTguNy0xOC43LTQ5LjEtMTguNy02Ny45IDBMNDYuMSAzOTUuNHpNNDg0LjYgODIuNmwtMTA1IDEwNS0yMy4zLTIzLjMgMTA1LTEwNSAyMy4zIDIzLjN6TTcuNSAxMTcuMkMzIDExOC45IDAgMTIzLjIgMCAxMjhzMyA5LjEgNy41IDEwLjhMNjQgMTYwbDIxLjIgNTYuNWMxLjcgNC41IDYgNy41IDEwLjggNy41czkuMS0zIDEwLjgtNy41TDEyOCAxNjBsNTYuNS0yMS4yYzQuNS0xLjcgNy41LTYgNy41LTEwLjhzLTMtOS4xLTcuNS0xMC44TDEyOCA5NiAxMDYuOCAzOS41QzEwNS4xIDM1IDEwMC44IDMyIDk2IDMycy05LjEgMy0xMC44IDcuNUw2NCA5NiA3LjUgMTE3LjJ6bTM1MiAyNTZjLTQuNSAxLjctNy41IDYtNy41IDEwLjhzMyA5LjEgNy41IDEwLjhMNDE2IDQxNmwyMS4yIDU2LjVjMS43IDQuNSA2IDcuNSAxMC44IDcuNXM5LjEtMyAxMC44LTcuNUw0ODAgNDE2bDU2LjUtMjEuMmM0LjUtMS43IDcuNS02IDcuNS0xMC44cy0zLTkuMS03LjUtMTAuOEw0ODAgMzUybC0yMS4yLTU2LjVjLTEuNy00LjUtNi03LjUtMTAuOC03LjVzLTkuMSAzLTEwLjggNy41TDQxNiAzNTJsLTU2LjUgMjEuMnoiPjwvcGF0aD48L3N2Zz4=" />
&Tab;&Tab;&Tab;&Tab;</div>
&Tab;&Tab;&Tab;</div>
&Tab;&Tab;&Tab;<img style="" src="data:image/svg+xml;base64,PHN2ZyB4bWxucz0iaHR0cDovL3d3dy53My5vcmcvMjAwMC9zdmciIHZpZXdCb3g9IjAgMCAzODQgNTEyIj48cGF0aCBkPSJNMjE1LjcgNDk5LjJDMjY3IDQzNSAzODQgMjc5LjQgMzg0IDE5MkMzODQgODYgMjk4IDAgMTkyIDBTMCA4NiAwIDE5MmMwIDg3LjQgMTE3IDI0MyAxNjguMyAzMDcuMmMxMi4zIDE1LjMgMzUuMSAxNS4zIDQ3LjQgMHpNMTkyIDEyOGE2NCA2NCAwIDEgMSAwIDEyOCA2NCA2NCAwIDEgMSAwLTEyOHoiPjwvcGF0aD48L3N2Zz4=" />
&Tab;&Tab;&Tab;</div>
&Tab;&Tab;&Tab;"
`;

exports[`htmlUtils should turn SVG nodes into base64 nodes: 5 1`] = `"<img style="" src="data:image/svg+xml;base64,PHN2ZyB4bWxucz0iaHR0cDovL3d3dy53My5vcmcvMjAwMC9zdmciPgoJCQkJCgkJCTwvc3ZnPg==" />"`;

exports[`htmlUtils should turn SVG nodes into base64 nodes: 6 1`] = `"<img style="" src="data:image/svg+xml;base64,PHN2ZyB2aWV3Qm94PSIwIDAgMjQwIDgwIiB4bWxucz0iaHR0cDovL3d3dy53My5vcmcvMjAwMC9zdmciPgogIDxzdHlsZT4KICAgIC5zbWFsbCB7CiAgICAgIGZvbnQ6IGl0YWxpYyAxM3B4IHNhbnMtc2VyaWY7CiAgICB9CiAgICAuaGVhdnkgewogICAgICBmb250OiBib2xkIDMwcHggc2Fucy1zZXJpZjsKICAgIH0KCiAgICAvKiBOb3RlIHRoYXQgdGhlIGNvbG9yIG9mIHRoZSB0ZXh0IGlzIHNldCB3aXRoIHRoZSAgICAqCiAgICAgKiBmaWxsIHByb3BlcnR5LCB0aGUgY29sb3IgcHJvcGVydHkgaXMgZm9yIEhUTUwgb25seSAqLwogICAgLlJycnJyIHsKICAgICAgZm9udDogaXRhbGljIDQwcHggc2VyaWY7CiAgICAgIGZpbGw6IHJlZDsKICAgIH0KICA8L3N0eWxlPgoKICA8dGV4dCB4PSIyMCIgeT0iMzUiIGNsYXNzPSJzbWFsbCI+TXk8L3RleHQ+CiAgPHRleHQgeD0iNDAiIHk9IjM1IiBjbGFzcz0iaGVhdnkiPmNhdDwvdGV4dD4KICA8dGV4dCB4PSI1NSIgeT0iNTUiIGNsYXNzPSJzbWFsbCI+aXM8L3RleHQ+CiAgPHRleHQgeD0iNjUiIHk9IjU1IiBjbGFzcz0iUnJycnIiPkdydW1weSE8L3RleHQ+Cjwvc3ZnPg==" />"`;
